// Jest Snapshot v1, https://goo.gl/fbAQLP

exports[`Home snapshot matches 1`] = `
<Fragment>
  home
</Fragment>
`;
